// Jest Snapshot v1, https://goo.gl/fbAQLP

exports[`addSocialIconsToForm function add social network icons to icons container element 1`] = `
"
      <form class=\\"ui form\\">
        <div id=\\"icons-container\\"><svg fill=\\"#3b5998\\" id=\\"social-autofill-facebook-icon\\" width=\\"30px\\" style=\\"cursor:pointer;\\" onclick=\\"__contacthubConnectSocial.loginWithFacebook()\\" aria-labelledby=\\"title\\" role=\\"img\\" viewBox=\\"0 0 24 24\\" xmlns=\\"http://www.w3.org/2000/svg\\"><title>Facebook icon</title><path d=\\"M22.676 0H1.324C.593 0 0 .593 0 1.324v21.352C0 23.408.593 24 1.324 24h11.494v-9.294H9.689v-3.621h3.129V8.41c0-3.099 1.894-4.785 4.659-4.785 1.325 0 2.464.097 2.796.141v3.24h-1.921c-1.5 0-1.792.721-1.792 1.771v2.311h3.584l-.465 3.63H16.56V24h6.115c.733 0 1.325-.592 1.325-1.324V1.324C24 .593 23.408 0 22.676 0\\"></path></svg>
<svg id=\\"social-autofill-google-icon\\" width=\\"30px\\" style=\\"padding: 2.5px; cursor:pointer;\\" onclick=\\"__contacthubConnectSocial.loginWithGoogle()\\" version=\\"1.1\\" xmlns=\\"http://www.w3.org/2000/svg\\" viewBox=\\"0 0 48 48\\" class=\\"abcRioButtonSvg\\"><g><path fill=\\"#EA4335\\" d=\\"M24 9.5c3.54 0 6.71 1.22 9.21 3.6l6.85-6.85C35.9 2.38 30.47 0 24 0 14.62 0 6.51 5.38 2.56 13.22l7.98 6.19C12.43 13.72 17.74 9.5 24 9.5z\\"></path><path fill=\\"#4285F4\\" d=\\"M46.98 24.55c0-1.57-.15-3.09-.38-4.55H24v9.02h12.94c-.58 2.96-2.26 5.48-4.78 7.18l7.73 6c4.51-4.18 7.09-10.36 7.09-17.65z\\"></path><path fill=\\"#FBBC05\\" d=\\"M10.53 28.59c-.48-1.45-.76-2.99-.76-4.59s.27-3.14.76-4.59l-7.98-6.19C.92 16.46 0 20.12 0 24c0 3.88.92 7.54 2.56 10.78l7.97-6.19z\\"></path><path fill=\\"#34A853\\" d=\\"M24 48c6.48 0 11.93-2.13 15.89-5.81l-7.73-6c-2.15 1.45-4.92 2.3-8.16 2.3-6.26 0-11.57-4.22-13.47-9.91l-7.98 6.19C6.51 42.62 14.62 48 24 48z\\"></path><path fill=\\"none\\" d=\\"M0 0h48v48H0z\\"></path></g></svg>
<svg fill=\\"#0077B5\\" id=\\"social-autofill-linkedin-icon\\" width=\\"30px\\" style=\\"cursor:pointer;\\" onclick=\\"__contacthubConnectSocial.loginWithLinkedIn()\\" aria-labelledby=\\"title\\" role=\\"img\\" viewBox=\\"0 0 24 24\\" xmlns=\\"http://www.w3.org/2000/svg\\"><title>LinkedIn icon</title><path d=\\"M20.447 20.452h-3.554v-5.569c0-1.328-.027-3.037-1.852-3.037-1.853 0-2.136 1.445-2.136 2.939v5.667H9.351V9h3.414v1.561h.046c.477-.9 1.637-1.85 3.37-1.85 3.601 0 4.267 2.37 4.267 5.455v6.286zM5.337 7.433c-1.144 0-2.063-.926-2.063-2.065 0-1.138.92-2.063 2.063-2.063 1.14 0 2.064.925 2.064 2.063 0 1.139-.925 2.065-2.064 2.065zm1.782 13.019H3.555V9h3.564v11.452zM22.225 0H1.771C.792 0 0 .774 0 1.729v20.542C0 23.227.792 24 1.771 24h20.451C23.2 24 24 23.227 24 22.271V1.729C24 .774 23.2 0 22.222 0h.003z\\"></path></svg></div>
      </form>"
`;
